BEGIN;
\i sql/hash64.sql
CREATE OR REPLACE FUNCTION hash64(text) RETURNS bigint
AS 'hash64'
STRICT IMMUTABLE
LANGUAGE C;
CREATE TABLE values (x text);
COPY values FROM stdin;
SELECT x, hash64(x) FROM values ORDER BY x;
                    x                     |        hash64        
------------------------------------------+----------------------
 0daa7934b6c9652fe55bd95ba58d7b6f87bb459a |  3034666371711206838
 2315cad49156618409f050c3e00fb0c85111b512 |   388078559820946772
 2de24e276386a72b5992746de8abc2e47ac47cae |  9135372853080328717
 42c2b8a22cab3fc71b7891738deb5179fa8acf6e |  -918990046352584740
 4d2a6da43e8f6a686c5043bc1d4fdfa4439ae009 | -1678654894378952720
 51108fa5f34b112a6f067effdbe8169c7ed65fa8 | -6119007386423907673
 51d064e012e2d73fc67020c27471fd913688d4f6 |  1521621210454236105
 5e68fbd76d795e29c103c822b8e15bc38c4dc7d2 |  5853740058471931571
 60c94aae40a4b59e78d3fceb62402d44512d0e08 |  8953876759192132724
 8f274e341a12737612d213fca68d75e0d157d9af |  5125388575237978742
 94a57e57d1cd446830dad3976c8030caa6b27f30 | -3967839149564995146
 9d503bde29403f6b9bdba366c2e1cbed6f37001d |  2378079294917463068
 a069aff5802a60049555b7e814d9a55274d86b85 |  2146377480881039868
 a32d67aad65b217aebb73e0b0051576ab8ae2202 |  5763434209275758087
 acc8a7e79936892d202418e2241c68767b8934ce | -6180389030194858780
 b093f0ebcf84556b4c6c25293c3dea9034c47134 | -6875526042952961938
 cb2b985b634593cb1d2a8eb624cd39cbc3b157fe |  8976487453099947332
 dc68143621155fedccfa35a6b3d1d20f4b7a06ec |  3067258912523554511
 e864880b82aa65d84dcf854b63bc11f345915984 | -3450594930267918689
 e95834d58502eef64493655abc380bd7bdc5092b | -6324448229207784613
 f7ebce0490a3e3c4748a1affe2bc31c3f4937e60 | -4817165975068141520
 f9cad6f96effaa1b9d52c42d380d90650c584874 |  2241267823073115581
(22 rows)

ROLLBACK;
